TimeQuest Timing Analyzer report for t01
Tue Jun 21 16:55:35 2022
Quartus II Version 9.1 Build 350 03/24/2010 Service Pack 2 SJ Web Edition


---------------------
; Table of Contents ;
---------------------
  1. Legal Notice
  2. TimeQuest Timing Analyzer Summary
  3. Parallel Compilation
  4. Clocks
  5. Slow 1200mV 85C Model Fmax Summary
  6. Slow 1200mV 85C Model Setup Summary
  7. Slow 1200mV 85C Model Hold Summary
  8. Slow 1200mV 85C Model Recovery Summary
  9. Slow 1200mV 85C Model Removal Summary
 10. Slow 1200mV 85C Model Minimum Pulse Width Summary
 11. Propagation Delay
 12. Minimum Propagation Delay
 13. Slow 1200mV 85C Model Metastability Report
 14. Slow 1200mV 0C Model Fmax Summary
 15. Slow 1200mV 0C Model Setup Summary
 16. Slow 1200mV 0C Model Hold Summary
 17. Slow 1200mV 0C Model Recovery Summary
 18. Slow 1200mV 0C Model Removal Summary
 19. Slow 1200mV 0C Model Minimum Pulse Width Summary
 20. Propagation Delay
 21. Minimum Propagation Delay
 22. Slow 1200mV 0C Model Metastability Report
 23. Fast 1200mV 0C Model Setup Summary
 24. Fast 1200mV 0C Model Hold Summary
 25. Fast 1200mV 0C Model Recovery Summary
 26. Fast 1200mV 0C Model Removal Summary
 27. Fast 1200mV 0C Model Minimum Pulse Width Summary
 28. Propagation Delay
 29. Minimum Propagation Delay
 30. Fast 1200mV 0C Model Metastability Report
 31. Multicorner Timing Analysis Summary
 32. Progagation Delay
 33. Minimum Progagation Delay
 34. Board Trace Model Assignments
 35. Input Transition Times
 36. Slow Corner Signal Integrity Metrics
 37. Fast Corner Signal Integrity Metrics
 38. Clock Transfers
 39. Report TCCS
 40. Report RSKM
 41. Unconstrained Paths
 42. TimeQuest Timing Analyzer Messages



----------------
; Legal Notice ;
----------------
Copyright (C) 1991-2010 Altera Corporation
Your use of Altera Corporation's design tools, logic functions 
and other software and tools, and its AMPP partner logic 
functions, and any output files from any of the foregoing 
(including device programming or simulation files), and any 
associated documentation or information are expressly subject 
to the terms and conditions of the Altera Program License 
Subscription Agreement, Altera MegaCore Function License 
Agreement, or other applicable license agreement, including, 
without limitation, that your use is for the sole purpose of 
programming logic devices manufactured by Altera and sold by 
Altera or its authorized distributors.  Please refer to the 
applicable agreement for further details.



+-------------------------------------------------------------------------------------+
; TimeQuest Timing Analyzer Summary                                                   ;
+--------------------+----------------------------------------------------------------+
; Quartus II Version ; Version 9.1 Build 350 03/24/2010 Service Pack 2 SJ Web Edition ;
; Revision Name      ; t01                                                            ;
; Device Family      ; Cyclone III                                                    ;
; Device Name        ; EP3C16F484C6                                                   ;
; Timing Models      ; Final                                                          ;
; Delay Model        ; Combined                                                       ;
; Rise/Fall Delays   ; Enabled                                                        ;
+--------------------+----------------------------------------------------------------+


Parallel compilation was disabled, but you have multiple processors available. Enable parallel compilation to reduce compilation time.
+-------------------------------------+
; Parallel Compilation                ;
+----------------------------+--------+
; Processors                 ; Number ;
+----------------------------+--------+
; Number detected on machine ; 4      ;
; Maximum allowed            ; 1      ;
+----------------------------+--------+


----------
; Clocks ;
----------
No clocks to report.


--------------------------------------
; Slow 1200mV 85C Model Fmax Summary ;
--------------------------------------
No paths to report.


---------------------------------------
; Slow 1200mV 85C Model Setup Summary ;
---------------------------------------
No paths to report.


--------------------------------------
; Slow 1200mV 85C Model Hold Summary ;
--------------------------------------
No paths to report.


------------------------------------------
; Slow 1200mV 85C Model Recovery Summary ;
------------------------------------------
No paths to report.


-----------------------------------------
; Slow 1200mV 85C Model Removal Summary ;
-----------------------------------------
No paths to report.


-----------------------------------------------------
; Slow 1200mV 85C Model Minimum Pulse Width Summary ;
-----------------------------------------------------
No paths to report.


+----------------------------------------------------------+
; Propagation Delay                                        ;
+------------+-------------+-------+-------+-------+-------+
; Input Port ; Output Port ; RR    ; RF    ; FR    ; FF    ;
+------------+-------------+-------+-------+-------+-------+
; sw[0]      ; led[0]      ; 5.712 ;       ;       ; 6.113 ;
; sw[0]      ; seg0[0]     ; 7.067 ; 6.991 ; 7.564 ; 7.479 ;
; sw[0]      ; seg0[1]     ; 7.194 ; 7.274 ; 7.682 ; 7.771 ;
; sw[0]      ; seg0[2]     ;       ; 6.719 ; 7.286 ;       ;
; sw[0]      ; seg0[3]     ; 6.993 ; 6.903 ; 7.485 ; 7.386 ;
; sw[0]      ; seg0[4]     ; 6.780 ;       ;       ; 7.195 ;
; sw[0]      ; seg0[5]     ; 6.984 ;       ;       ; 7.379 ;
; sw[0]      ; seg0[6]     ; 6.762 ;       ;       ; 7.170 ;
; sw[1]      ; led[1]      ; 6.035 ;       ;       ; 6.472 ;
; sw[1]      ; seg0[0]     ;       ; 7.090 ; 7.625 ;       ;
; sw[1]      ; seg0[1]     ; 7.291 ; 7.374 ; 7.782 ; 7.832 ;
; sw[1]      ; seg0[2]     ; 6.893 ;       ;       ; 7.306 ;
; sw[1]      ; seg0[3]     ; 7.094 ; 7.004 ; 7.551 ; 7.491 ;
; sw[1]      ; seg0[4]     ;       ; 6.802 ; 7.340 ;       ;
; sw[1]      ; seg0[5]     ; 7.086 ;       ;       ; 7.484 ;
; sw[1]      ; seg0[6]     ; 6.863 ; 6.787 ; 7.321 ; 7.275 ;
; sw[2]      ; led[2]      ; 6.919 ;       ;       ; 7.432 ;
; sw[2]      ; seg0[0]     ; 7.349 ; 7.249 ; 7.830 ; 7.806 ;
; sw[2]      ; seg0[1]     ; 7.501 ;       ;       ; 8.068 ;
; sw[2]      ; seg0[2]     ;       ; 7.027 ; 7.583 ;       ;
; sw[2]      ; seg0[3]     ; 7.274 ; 7.160 ; 7.750 ; 7.712 ;
; sw[2]      ; seg0[4]     ; 7.063 ;       ;       ; 7.520 ;
; sw[2]      ; seg0[5]     ;       ; 7.200 ; 7.774 ;       ;
; sw[2]      ; seg0[6]     ; 6.993 ; 6.999 ; 7.567 ; 7.437 ;
; sw[3]      ; led[3]      ; 5.780 ;       ;       ; 6.192 ;
; sw[3]      ; seg1[0]     ; 7.406 ; 7.369 ; 7.880 ; 7.786 ;
; sw[3]      ; seg1[1]     ; 7.367 ; 7.343 ; 7.743 ; 7.876 ;
; sw[3]      ; seg1[2]     ;       ; 7.288 ; 7.794 ;       ;
; sw[3]      ; seg1[3]     ; 7.424 ; 7.382 ; 7.896 ; 7.797 ;
; sw[3]      ; seg1[4]     ; 7.432 ;       ;       ; 7.801 ;
; sw[3]      ; seg1[5]     ; 7.887 ;       ;       ; 8.256 ;
; sw[3]      ; seg1[6]     ; 7.638 ;       ;       ; 8.037 ;
; sw[4]      ; led[4]      ; 5.741 ;       ;       ; 6.144 ;
; sw[4]      ; seg1[0]     ;       ; 6.510 ; 7.031 ;       ;
; sw[4]      ; seg1[1]     ; 6.508 ; 6.581 ; 6.946 ; 7.028 ;
; sw[4]      ; seg1[2]     ; 6.579 ;       ;       ; 6.937 ;
; sw[4]      ; seg1[3]     ; 6.599 ; 6.522 ; 7.048 ; 6.962 ;
; sw[4]      ; seg1[4]     ;       ; 6.529 ; 7.055 ;       ;
; sw[4]      ; seg1[5]     ; 7.063 ;       ;       ; 7.420 ;
; sw[4]      ; seg1[6]     ; 6.875 ; 6.801 ; 7.323 ; 7.240 ;
; sw[5]      ; led[5]      ; 5.749 ;       ;       ; 6.142 ;
; sw[5]      ; seg1[0]     ; 7.022 ; 6.982 ; 7.537 ; 7.453 ;
; sw[5]      ; seg1[1]     ; 6.974 ;       ;       ; 7.527 ;
; sw[5]      ; seg1[2]     ;       ; 6.895 ; 7.453 ;       ;
; sw[5]      ; seg1[3]     ; 7.046 ; 7.001 ; 7.556 ; 7.467 ;
; sw[5]      ; seg1[4]     ; 7.044 ;       ;       ; 7.464 ;
; sw[5]      ; seg1[5]     ;       ; 7.456 ; 8.020 ;       ;
; sw[5]      ; seg1[6]     ; 7.257 ; 7.281 ; 7.836 ; 7.709 ;
+------------+-------------+-------+-------+-------+-------+


+----------------------------------------------------------+
; Minimum Propagation Delay                                ;
+------------+-------------+-------+-------+-------+-------+
; Input Port ; Output Port ; RR    ; RF    ; FR    ; FF    ;
+------------+-------------+-------+-------+-------+-------+
; sw[0]      ; led[0]      ; 5.596 ;       ;       ; 5.986 ;
; sw[0]      ; seg0[0]     ; 6.890 ; 6.816 ; 7.372 ; 7.289 ;
; sw[0]      ; seg0[1]     ; 7.010 ; 7.090 ; 7.483 ; 7.572 ;
; sw[0]      ; seg0[2]     ;       ; 6.555 ; 7.107 ;       ;
; sw[0]      ; seg0[3]     ; 6.820 ; 6.731 ; 7.297 ; 7.199 ;
; sw[0]      ; seg0[4]     ; 6.616 ;       ;       ; 7.016 ;
; sw[0]      ; seg0[5]     ; 6.810 ;       ;       ; 7.192 ;
; sw[0]      ; seg0[6]     ; 6.598 ;       ;       ; 6.991 ;
; sw[1]      ; led[1]      ; 5.906 ;       ;       ; 6.330 ;
; sw[1]      ; seg0[0]     ;       ; 6.908 ; 7.429 ;       ;
; sw[1]      ; seg0[1]     ; 7.103 ; 7.185 ; 7.579 ; 7.630 ;
; sw[1]      ; seg0[2]     ; 6.724 ;       ;       ; 7.123 ;
; sw[1]      ; seg0[3]     ; 6.916 ; 6.825 ; 7.359 ; 7.300 ;
; sw[1]      ; seg0[4]     ;       ; 6.635 ; 7.158 ;       ;
; sw[1]      ; seg0[5]     ; 6.906 ;       ;       ; 7.292 ;
; sw[1]      ; seg0[6]     ; 6.693 ; 6.616 ; 7.138 ; 7.093 ;
; sw[2]      ; led[2]      ; 6.803 ;       ;       ; 7.305 ;
; sw[2]      ; seg0[0]     ; 7.146 ; 7.051 ; 7.604 ; 7.586 ;
; sw[2]      ; seg0[1]     ; 7.245 ;       ;       ; 7.804 ;
; sw[2]      ; seg0[2]     ;       ; 6.821 ; 7.373 ;       ;
; sw[2]      ; seg0[3]     ; 7.027 ; 6.965 ; 7.529 ; 7.430 ;
; sw[2]      ; seg0[4]     ; 6.872 ;       ;       ; 7.311 ;
; sw[2]      ; seg0[5]     ;       ; 6.957 ; 7.521 ;       ;
; sw[2]      ; seg0[6]     ; 6.804 ; 6.756 ; 7.308 ; 7.223 ;
; sw[3]      ; led[3]      ; 5.663 ;       ;       ; 6.063 ;
; sw[3]      ; seg1[0]     ; 7.204 ; 7.173 ; 7.662 ; 7.555 ;
; sw[3]      ; seg1[1]     ; 7.170 ; 7.154 ; 7.537 ; 7.658 ;
; sw[3]      ; seg1[2]     ;       ; 7.099 ; 7.595 ;       ;
; sw[3]      ; seg1[3]     ; 7.173 ; 7.185 ; 7.677 ; 7.552 ;
; sw[3]      ; seg1[4]     ; 7.182 ;       ;       ; 7.533 ;
; sw[3]      ; seg1[5]     ; 7.616 ;       ;       ; 7.992 ;
; sw[3]      ; seg1[6]     ; 7.438 ;       ;       ; 7.819 ;
; sw[4]      ; led[4]      ; 5.625 ;       ;       ; 6.016 ;
; sw[4]      ; seg1[0]     ;       ; 6.354 ; 6.862 ;       ;
; sw[4]      ; seg1[1]     ; 6.352 ; 6.424 ; 6.777 ; 6.858 ;
; sw[4]      ; seg1[2]     ; 6.422 ;       ;       ; 6.769 ;
; sw[4]      ; seg1[3]     ; 6.441 ; 6.365 ; 6.877 ; 6.792 ;
; sw[4]      ; seg1[4]     ;       ; 6.372 ; 6.885 ;       ;
; sw[4]      ; seg1[5]     ; 6.886 ;       ;       ; 7.231 ;
; sw[4]      ; seg1[6]     ; 6.706 ; 6.633 ; 7.141 ; 7.059 ;
; sw[5]      ; led[5]      ; 5.632 ;       ;       ; 6.015 ;
; sw[5]      ; seg1[0]     ; 6.835 ; 6.801 ; 7.333 ; 7.236 ;
; sw[5]      ; seg1[1]     ; 6.727 ;       ;       ; 7.270 ;
; sw[5]      ; seg1[2]     ;       ; 6.717 ; 7.266 ;       ;
; sw[5]      ; seg1[3]     ; 6.807 ; 6.819 ; 7.351 ; 7.237 ;
; sw[5]      ; seg1[4]     ; 6.857 ;       ;       ; 7.246 ;
; sw[5]      ; seg1[5]     ;       ; 7.189 ; 7.743 ;       ;
; sw[5]      ; seg1[6]     ; 7.072 ; 7.057 ; 7.601 ; 7.509 ;
+------------+-------------+-------+-------+-------+-------+


----------------------------------------------
; Slow 1200mV 85C Model Metastability Report ;
----------------------------------------------
No synchronizer chains to report.


-------------------------------------
; Slow 1200mV 0C Model Fmax Summary ;
-------------------------------------
No paths to report.


--------------------------------------
; Slow 1200mV 0C Model Setup Summary ;
--------------------------------------
No paths to report.


-------------------------------------
; Slow 1200mV 0C Model Hold Summary ;
-------------------------------------
No paths to report.


-----------------------------------------
; Slow 1200mV 0C Model Recovery Summary ;
-----------------------------------------
No paths to report.


----------------------------------------
; Slow 1200mV 0C Model Removal Summary ;
----------------------------------------
No paths to report.


----------------------------------------------------
; Slow 1200mV 0C Model Minimum Pulse Width Summary ;
----------------------------------------------------
No paths to report.


+----------------------------------------------------------+
; Propagation Delay                                        ;
+------------+-------------+-------+-------+-------+-------+
; Input Port ; Output Port ; RR    ; RF    ; FR    ; FF    ;
+------------+-------------+-------+-------+-------+-------+
; sw[0]      ; led[0]      ; 5.320 ;       ;       ; 5.653 ;
; sw[0]      ; seg0[0]     ; 6.575 ; 6.470 ; 6.961 ; 6.848 ;
; sw[0]      ; seg0[1]     ; 6.653 ; 6.775 ; 7.031 ; 7.161 ;
; sw[0]      ; seg0[2]     ;       ; 6.229 ; 6.703 ;       ;
; sw[0]      ; seg0[3]     ; 6.504 ; 6.390 ; 6.885 ; 6.763 ;
; sw[0]      ; seg0[4]     ; 6.309 ;       ;       ; 6.594 ;
; sw[0]      ; seg0[5]     ; 6.497 ;       ;       ; 6.754 ;
; sw[0]      ; seg0[6]     ; 6.294 ;       ;       ; 6.572 ;
; sw[1]      ; led[1]      ; 5.616 ;       ;       ; 5.971 ;
; sw[1]      ; seg0[0]     ;       ; 6.547 ; 7.025 ;       ;
; sw[1]      ; seg0[1]     ; 6.728 ; 6.852 ; 7.129 ; 7.224 ;
; sw[1]      ; seg0[2]     ; 6.398 ;       ;       ; 6.705 ;
; sw[1]      ; seg0[3]     ; 6.582 ; 6.468 ; 6.954 ; 6.867 ;
; sw[1]      ; seg0[4]     ;       ; 6.291 ; 6.761 ;       ;
; sw[1]      ; seg0[5]     ; 6.575 ;       ;       ; 6.859 ;
; sw[1]      ; seg0[6]     ; 6.369 ; 6.275 ; 6.744 ; 6.677 ;
; sw[2]      ; led[2]      ; 6.527 ;       ;       ; 6.972 ;
; sw[2]      ; seg0[0]     ; 6.819 ; 6.689 ; 7.205 ; 7.149 ;
; sw[2]      ; seg0[1]     ; 6.920 ;       ;       ; 7.436 ;
; sw[2]      ; seg0[2]     ;       ; 6.496 ; 6.978 ;       ;
; sw[2]      ; seg0[3]     ; 6.747 ; 6.608 ; 7.129 ; 7.064 ;
; sw[2]      ; seg0[4]     ; 6.554 ;       ;       ; 6.894 ;
; sw[2]      ; seg0[5]     ;       ; 6.646 ; 7.154 ;       ;
; sw[2]      ; seg0[6]     ; 6.491 ; 6.469 ; 6.962 ; 6.821 ;
; sw[3]      ; led[3]      ; 5.384 ;       ;       ; 5.737 ;
; sw[3]      ; seg1[0]     ; 6.863 ; 6.805 ; 7.250 ; 7.145 ;
; sw[3]      ; seg1[1]     ; 6.803 ; 6.804 ; 7.106 ; 7.247 ;
; sw[3]      ; seg1[2]     ;       ; 6.736 ; 7.182 ;       ;
; sw[3]      ; seg1[3]     ; 6.886 ; 6.820 ; 7.271 ; 7.158 ;
; sw[3]      ; seg1[4]     ; 6.894 ;       ;       ; 7.162 ;
; sw[3]      ; seg1[5]     ; 7.307 ;       ;       ; 7.549 ;
; sw[3]      ; seg1[6]     ; 7.084 ;       ;       ; 7.365 ;
; sw[4]      ; led[4]      ; 5.348 ;       ;       ; 5.685 ;
; sw[4]      ; seg1[0]     ;       ; 6.030 ; 6.493 ;       ;
; sw[4]      ; seg1[1]     ; 6.029 ; 6.118 ; 6.393 ; 6.490 ;
; sw[4]      ; seg1[2]     ; 6.122 ;       ;       ; 6.388 ;
; sw[4]      ; seg1[3]     ; 6.141 ; 6.044 ; 6.514 ; 6.409 ;
; sw[4]      ; seg1[4]     ;       ; 6.050 ; 6.522 ;       ;
; sw[4]      ; seg1[5]     ; 6.563 ;       ;       ; 6.800 ;
; sw[4]      ; seg1[6]     ; 6.396 ; 6.288 ; 6.768 ; 6.652 ;
; sw[5]      ; led[5]      ; 5.355 ;       ;       ; 5.700 ;
; sw[5]      ; seg1[0]     ; 6.525 ; 6.463 ; 6.928 ; 6.830 ;
; sw[5]      ; seg1[1]     ; 6.456 ;       ;       ; 6.919 ;
; sw[5]      ; seg1[2]     ;       ; 6.390 ; 6.859 ;       ;
; sw[5]      ; seg1[3]     ; 6.554 ; 6.484 ; 6.953 ; 6.847 ;
; sw[5]      ; seg1[4]     ; 6.551 ;       ;       ; 6.843 ;
; sw[5]      ; seg1[5]     ;       ; 6.871 ; 7.375 ;       ;
; sw[5]      ; seg1[6]     ; 6.748 ; 6.728 ; 7.213 ; 7.058 ;
+------------+-------------+-------+-------+-------+-------+


+----------------------------------------------------------+
; Minimum Propagation Delay                                ;
+------------+-------------+-------+-------+-------+-------+
; Input Port ; Output Port ; RR    ; RF    ; FR    ; FF    ;
+------------+-------------+-------+-------+-------+-------+
; sw[0]      ; led[0]      ; 5.223 ;       ;       ; 5.547 ;
; sw[0]      ; seg0[0]     ; 6.421 ; 6.317 ; 6.796 ; 6.686 ;
; sw[0]      ; seg0[1]     ; 6.493 ; 6.613 ; 6.862 ; 6.988 ;
; sw[0]      ; seg0[2]     ;       ; 6.087 ; 6.548 ;       ;
; sw[0]      ; seg0[3]     ; 6.353 ; 6.241 ; 6.723 ; 6.605 ;
; sw[0]      ; seg0[4]     ; 6.166 ;       ;       ; 6.444 ;
; sw[0]      ; seg0[5]     ; 6.346 ;       ;       ; 6.596 ;
; sw[0]      ; seg0[6]     ; 6.150 ;       ;       ; 6.421 ;
; sw[1]      ; led[1]      ; 5.507 ;       ;       ; 5.852 ;
; sw[1]      ; seg0[0]     ;       ; 6.389 ; 6.856 ;       ;
; sw[1]      ; seg0[1]     ; 6.565 ; 6.687 ; 6.955 ; 7.049 ;
; sw[1]      ; seg0[2]     ; 6.250 ;       ;       ; 6.549 ;
; sw[1]      ; seg0[3]     ; 6.428 ; 6.314 ; 6.789 ; 6.704 ;
; sw[1]      ; seg0[4]     ;       ; 6.146 ; 6.604 ;       ;
; sw[1]      ; seg0[5]     ; 6.419 ;       ;       ; 6.695 ;
; sw[1]      ; seg0[6]     ; 6.223 ; 6.128 ; 6.586 ; 6.520 ;
; sw[2]      ; led[2]      ; 6.430 ;       ;       ; 6.866 ;
; sw[2]      ; seg0[0]     ; 6.639 ; 6.521 ; 7.010 ; 6.958 ;
; sw[2]      ; seg0[1]     ; 6.698 ;       ;       ; 7.202 ;
; sw[2]      ; seg0[2]     ;       ; 6.322 ; 6.795 ;       ;
; sw[2]      ; seg0[3]     ; 6.528 ; 6.444 ; 6.937 ; 6.818 ;
; sw[2]      ; seg0[4]     ; 6.385 ;       ;       ; 6.715 ;
; sw[2]      ; seg0[5]     ;       ; 6.435 ; 6.931 ;       ;
; sw[2]      ; seg0[6]     ; 6.325 ; 6.260 ; 6.735 ; 6.635 ;
; sw[3]      ; led[3]      ; 5.285 ;       ;       ; 5.628 ;
; sw[3]      ; seg1[0]     ; 6.688 ; 6.637 ; 7.065 ; 6.948 ;
; sw[3]      ; seg1[1]     ; 6.635 ; 6.641 ; 6.931 ; 7.061 ;
; sw[3]      ; seg1[2]     ;       ; 6.573 ; 7.008 ;       ;
; sw[3]      ; seg1[3]     ; 6.663 ; 6.650 ; 7.084 ; 6.947 ;
; sw[3]      ; seg1[4]     ; 6.672 ;       ;       ; 6.929 ;
; sw[3]      ; seg1[5]     ; 7.067 ;       ;       ; 7.321 ;
; sw[3]      ; seg1[6]     ; 6.910 ;       ;       ; 7.180 ;
; sw[4]      ; led[4]      ; 5.250 ;       ;       ; 5.578 ;
; sw[4]      ; seg1[0]     ;       ; 5.896 ; 6.348 ;       ;
; sw[4]      ; seg1[1]     ; 5.895 ; 5.983 ; 6.251 ; 6.345 ;
; sw[4]      ; seg1[2]     ; 5.986 ;       ;       ; 6.244 ;
; sw[4]      ; seg1[3]     ; 6.005 ; 5.910 ; 6.367 ; 6.266 ;
; sw[4]      ; seg1[4]     ;       ; 5.915 ; 6.375 ;       ;
; sw[4]      ; seg1[5]     ; 6.409 ;       ;       ; 6.639 ;
; sw[4]      ; seg1[6]     ; 6.251 ; 6.144 ; 6.612 ; 6.499 ;
; sw[5]      ; led[5]      ; 5.258 ;       ;       ; 5.592 ;
; sw[5]      ; seg1[0]     ; 6.363 ; 6.308 ; 6.754 ; 6.643 ;
; sw[5]      ; seg1[1]     ; 6.245 ;       ;       ; 6.696 ;
; sw[5]      ; seg1[2]     ;       ; 6.237 ; 6.697 ;       ;
; sw[5]      ; seg1[3]     ; 6.342 ; 6.328 ; 6.778 ; 6.649 ;
; sw[5]      ; seg1[4]     ; 6.388 ;       ;       ; 6.656 ;
; sw[5]      ; seg1[5]     ;       ; 6.641 ; 7.133 ;       ;
; sw[5]      ; seg1[6]     ; 6.588 ; 6.539 ; 7.011 ; 6.887 ;
+------------+-------------+-------+-------+-------+-------+


---------------------------------------------
; Slow 1200mV 0C Model Metastability Report ;
---------------------------------------------
No synchronizer chains to report.


--------------------------------------
; Fast 1200mV 0C Model Setup Summary ;
--------------------------------------
No paths to report.


-------------------------------------
; Fast 1200mV 0C Model Hold Summary ;
-------------------------------------
No paths to report.


-----------------------------------------
; Fast 1200mV 0C Model Recovery Summary ;
-----------------------------------------
No paths to report.


----------------------------------------
; Fast 1200mV 0C Model Removal Summary ;
----------------------------------------
No paths to report.


----------------------------------------------------
; Fast 1200mV 0C Model Minimum Pulse Width Summary ;
----------------------------------------------------
No paths to report.


+----------------------------------------------------------+
; Propagation Delay                                        ;
+------------+-------------+-------+-------+-------+-------+
; Input Port ; Output Port ; RR    ; RF    ; FR    ; FF    ;
+------------+-------------+-------+-------+-------+-------+
; sw[0]      ; led[0]      ; 3.461 ;       ;       ; 3.998 ;
; sw[0]      ; seg0[0]     ; 4.141 ; 4.173 ; 4.772 ; 4.797 ;
; sw[0]      ; seg0[1]     ; 4.293 ; 4.247 ; 4.917 ; 4.878 ;
; sw[0]      ; seg0[2]     ;       ; 3.999 ; 4.619 ;       ;
; sw[0]      ; seg0[3]     ; 4.090 ; 4.107 ; 4.722 ; 4.732 ;
; sw[0]      ; seg0[4]     ; 3.981 ;       ;       ; 4.617 ;
; sw[0]      ; seg0[5]     ; 4.083 ;       ;       ; 4.725 ;
; sw[0]      ; seg0[6]     ; 3.968 ;       ;       ; 4.602 ;
; sw[1]      ; led[1]      ; 3.666 ;       ;       ; 4.223 ;
; sw[1]      ; seg0[0]     ;       ; 4.207 ; 4.801 ;       ;
; sw[1]      ; seg0[1]     ; 4.326 ; 4.284 ; 4.968 ; 4.907 ;
; sw[1]      ; seg0[2]     ; 4.028 ;       ;       ; 4.679 ;
; sw[1]      ; seg0[3]     ; 4.131 ; 4.145 ; 4.754 ; 4.786 ;
; sw[1]      ; seg0[4]     ;       ; 4.030 ; 4.648 ;       ;
; sw[1]      ; seg0[5]     ; 4.125 ;       ;       ; 4.782 ;
; sw[1]      ; seg0[6]     ; 4.009 ; 4.015 ; 4.634 ; 4.658 ;
; sw[2]      ; led[2]      ; 4.281 ;       ;       ; 4.963 ;
; sw[2]      ; seg0[0]     ; 4.296 ; 4.310 ; 4.931 ; 4.983 ;
; sw[2]      ; seg0[1]     ; 4.458 ;       ;       ; 5.056 ;
; sw[2]      ; seg0[2]     ;       ; 4.164 ; 4.796 ;       ;
; sw[2]      ; seg0[3]     ; 4.245 ; 4.244 ; 4.877 ; 4.914 ;
; sw[2]      ; seg0[4]     ; 4.136 ;       ;       ; 4.805 ;
; sw[2]      ; seg0[5]     ;       ; 4.266 ; 4.891 ;       ;
; sw[2]      ; seg0[6]     ; 4.095 ; 4.147 ; 4.783 ; 4.754 ;
; sw[3]      ; led[3]      ; 3.499 ;       ;       ; 4.060 ;
; sw[3]      ; seg1[0]     ; 4.316 ; 4.343 ; 5.008 ; 4.995 ;
; sw[3]      ; seg1[1]     ; 4.342 ; 4.280 ; 4.979 ; 5.008 ;
; sw[3]      ; seg1[2]     ;       ; 4.290 ; 4.950 ;       ;
; sw[3]      ; seg1[3]     ; 4.322 ; 4.349 ; 5.015 ; 5.002 ;
; sw[3]      ; seg1[4]     ; 4.327 ;       ;       ; 5.006 ;
; sw[3]      ; seg1[5]     ; 4.565 ;       ;       ; 5.272 ;
; sw[3]      ; seg1[6]     ; 4.439 ;       ;       ; 5.155 ;
; sw[4]      ; led[4]      ; 3.490 ;       ;       ; 4.025 ;
; sw[4]      ; seg1[0]     ;       ; 3.864 ; 4.475 ;       ;
; sw[4]      ; seg1[1]     ; 3.864 ; 3.852 ; 4.479 ; 4.474 ;
; sw[4]      ; seg1[2]     ; 3.844 ;       ;       ; 4.470 ;
; sw[4]      ; seg1[3]     ; 3.859 ; 3.871 ; 4.481 ; 4.486 ;
; sw[4]      ; seg1[4]     ;       ; 3.875 ; 4.486 ;       ;
; sw[4]      ; seg1[5]     ; 4.102 ;       ;       ; 4.757 ;
; sw[4]      ; seg1[6]     ; 4.011 ; 4.041 ; 4.632 ; 4.655 ;
; sw[5]      ; led[5]      ; 3.487 ;       ;       ; 4.030 ;
; sw[5]      ; seg1[0]     ; 4.115 ; 4.141 ; 4.767 ; 4.761 ;
; sw[5]      ; seg1[1]     ; 4.135 ;       ;       ; 4.760 ;
; sw[5]      ; seg1[2]     ;       ; 4.083 ; 4.709 ;       ;
; sw[5]      ; seg1[3]     ; 4.128 ; 4.154 ; 4.777 ; 4.771 ;
; sw[5]      ; seg1[4]     ; 4.123 ;       ;       ; 4.767 ;
; sw[5]      ; seg1[5]     ;       ; 4.426 ; 5.023 ;       ;
; sw[5]      ; seg1[6]     ; 4.246 ; 4.326 ; 4.933 ; 4.925 ;
+------------+-------------+-------+-------+-------+-------+


+----------------------------------------------------------+
; Minimum Propagation Delay                                ;
+------------+-------------+-------+-------+-------+-------+
; Input Port ; Output Port ; RR    ; RF    ; FR    ; FF    ;
+------------+-------------+-------+-------+-------+-------+
; sw[0]      ; led[0]      ; 3.391 ;       ;       ; 3.923 ;
; sw[0]      ; seg0[0]     ; 4.037 ; 4.069 ; 4.660 ; 4.685 ;
; sw[0]      ; seg0[1]     ; 4.184 ; 4.138 ; 4.800 ; 4.761 ;
; sw[0]      ; seg0[2]     ;       ; 3.903 ; 4.513 ;       ;
; sw[0]      ; seg0[3]     ; 3.989 ; 4.005 ; 4.613 ; 4.622 ;
; sw[0]      ; seg0[4]     ; 3.885 ;       ;       ; 4.511 ;
; sw[0]      ; seg0[5]     ; 3.982 ;       ;       ; 4.615 ;
; sw[0]      ; seg0[6]     ; 3.871 ;       ;       ; 4.497 ;
; sw[1]      ; led[1]      ; 3.588 ;       ;       ; 4.139 ;
; sw[1]      ; seg0[0]     ;       ; 4.100 ; 4.687 ;       ;
; sw[1]      ; seg0[1]     ; 4.215 ; 4.174 ; 4.849 ; 4.789 ;
; sw[1]      ; seg0[2]     ; 3.929 ;       ;       ; 4.572 ;
; sw[1]      ; seg0[3]     ; 4.029 ; 4.040 ; 4.643 ; 4.674 ;
; sw[1]      ; seg0[4]     ;       ; 3.930 ; 4.542 ;       ;
; sw[1]      ; seg0[5]     ; 4.022 ;       ;       ; 4.669 ;
; sw[1]      ; seg0[6]     ; 3.911 ; 3.915 ; 4.526 ; 4.550 ;
; sw[2]      ; led[2]      ; 4.212 ;       ;       ; 4.888 ;
; sw[2]      ; seg0[0]     ; 4.180 ; 4.191 ; 4.797 ; 4.853 ;
; sw[2]      ; seg0[1]     ; 4.306 ;       ;       ; 4.898 ;
; sw[2]      ; seg0[2]     ;       ; 4.042 ; 4.671 ;       ;
; sw[2]      ; seg0[3]     ; 4.104 ; 4.127 ; 4.746 ; 4.751 ;
; sw[2]      ; seg0[4]     ; 4.027 ;       ;       ; 4.681 ;
; sw[2]      ; seg0[5]     ;       ; 4.121 ; 4.740 ;       ;
; sw[2]      ; seg0[6]     ; 3.987 ; 4.003 ; 4.629 ; 4.627 ;
; sw[3]      ; led[3]      ; 3.429 ;       ;       ; 3.983 ;
; sw[3]      ; seg1[0]     ; 4.200 ; 4.228 ; 4.880 ; 4.861 ;
; sw[3]      ; seg1[1]     ; 4.227 ; 4.171 ; 4.858 ; 4.879 ;
; sw[3]      ; seg1[2]     ;       ; 4.182 ; 4.831 ;       ;
; sw[3]      ; seg1[3]     ; 4.179 ; 4.234 ; 4.886 ; 4.864 ;
; sw[3]      ; seg1[4]     ; 4.183 ;       ;       ; 4.850 ;
; sw[3]      ; seg1[5]     ; 4.412 ;       ;       ; 5.123 ;
; sw[3]      ; seg1[6]     ; 4.324 ;       ;       ; 5.026 ;
; sw[4]      ; led[4]      ; 3.420 ;       ;       ; 3.949 ;
; sw[4]      ; seg1[0]     ;       ; 3.773 ; 4.376 ;       ;
; sw[4]      ; seg1[1]     ; 3.772 ; 3.759 ; 4.380 ; 4.374 ;
; sw[4]      ; seg1[2]     ; 3.753 ;       ;       ; 4.370 ;
; sw[4]      ; seg1[3]     ; 3.768 ; 3.780 ; 4.381 ; 4.386 ;
; sw[4]      ; seg1[4]     ;       ; 3.783 ; 4.386 ;       ;
; sw[4]      ; seg1[5]     ; 4.001 ;       ;       ; 4.645 ;
; sw[4]      ; seg1[6]     ; 3.913 ; 3.942 ; 4.526 ; 4.548 ;
; sw[5]      ; led[5]      ; 3.417 ;       ;       ; 3.954 ;
; sw[5]      ; seg1[0]     ; 4.008 ; 4.034 ; 4.648 ; 4.637 ;
; sw[5]      ; seg1[1]     ; 3.991 ;       ;       ; 4.607 ;
; sw[5]      ; seg1[2]     ;       ; 3.981 ; 4.598 ;       ;
; sw[5]      ; seg1[3]     ; 3.990 ; 4.045 ; 4.657 ; 4.640 ;
; sw[5]      ; seg1[4]     ; 4.015 ;       ;       ; 4.642 ;
; sw[5]      ; seg1[5]     ;       ; 4.268 ; 4.860 ;       ;
; sw[5]      ; seg1[6]     ; 4.138 ; 4.193 ; 4.796 ; 4.807 ;
+------------+-------------+-------+-------+-------+-------+


---------------------------------------------
; Fast 1200mV 0C Model Metastability Report ;
---------------------------------------------
No synchronizer chains to report.


+----------------------------------------------------------------------------+
; Multicorner Timing Analysis Summary                                        ;
+------------------+-------+------+----------+---------+---------------------+
; Clock            ; Setup ; Hold ; Recovery ; Removal ; Minimum Pulse Width ;
+------------------+-------+------+----------+---------+---------------------+
; Worst-case Slack ; N/A   ; N/A  ; N/A      ; N/A     ; N/A                 ;
; Design-wide TNS  ; 0.0   ; 0.0  ; 0.0      ; 0.0     ; 0.0                 ;
+------------------+-------+------+----------+---------+---------------------+


+----------------------------------------------------------+
; Progagation Delay                                        ;
+------------+-------------+-------+-------+-------+-------+
; Input Port ; Output Port ; RR    ; RF    ; FR    ; FF    ;
+------------+-------------+-------+-------+-------+-------+
; sw[0]      ; led[0]      ; 5.712 ;       ;       ; 6.113 ;
; sw[0]      ; seg0[0]     ; 7.067 ; 6.991 ; 7.564 ; 7.479 ;
; sw[0]      ; seg0[1]     ; 7.194 ; 7.274 ; 7.682 ; 7.771 ;
; sw[0]      ; seg0[2]     ;       ; 6.719 ; 7.286 ;       ;
; sw[0]      ; seg0[3]     ; 6.993 ; 6.903 ; 7.485 ; 7.386 ;
; sw[0]      ; seg0[4]     ; 6.780 ;       ;       ; 7.195 ;
; sw[0]      ; seg0[5]     ; 6.984 ;       ;       ; 7.379 ;
; sw[0]      ; seg0[6]     ; 6.762 ;       ;       ; 7.170 ;
; sw[1]      ; led[1]      ; 6.035 ;       ;       ; 6.472 ;
; sw[1]      ; seg0[0]     ;       ; 7.090 ; 7.625 ;       ;
; sw[1]      ; seg0[1]     ; 7.291 ; 7.374 ; 7.782 ; 7.832 ;
; sw[1]      ; seg0[2]     ; 6.893 ;       ;       ; 7.306 ;
; sw[1]      ; seg0[3]     ; 7.094 ; 7.004 ; 7.551 ; 7.491 ;
; sw[1]      ; seg0[4]     ;       ; 6.802 ; 7.340 ;       ;
; sw[1]      ; seg0[5]     ; 7.086 ;       ;       ; 7.484 ;
; sw[1]      ; seg0[6]     ; 6.863 ; 6.787 ; 7.321 ; 7.275 ;
; sw[2]      ; led[2]      ; 6.919 ;       ;       ; 7.432 ;
; sw[2]      ; seg0[0]     ; 7.349 ; 7.249 ; 7.830 ; 7.806 ;
; sw[2]      ; seg0[1]     ; 7.501 ;       ;       ; 8.068 ;
; sw[2]      ; seg0[2]     ;       ; 7.027 ; 7.583 ;       ;
; sw[2]      ; seg0[3]     ; 7.274 ; 7.160 ; 7.750 ; 7.712 ;
; sw[2]      ; seg0[4]     ; 7.063 ;       ;       ; 7.520 ;
; sw[2]      ; seg0[5]     ;       ; 7.200 ; 7.774 ;       ;
; sw[2]      ; seg0[6]     ; 6.993 ; 6.999 ; 7.567 ; 7.437 ;
; sw[3]      ; led[3]      ; 5.780 ;       ;       ; 6.192 ;
; sw[3]      ; seg1[0]     ; 7.406 ; 7.369 ; 7.880 ; 7.786 ;
; sw[3]      ; seg1[1]     ; 7.367 ; 7.343 ; 7.743 ; 7.876 ;
; sw[3]      ; seg1[2]     ;       ; 7.288 ; 7.794 ;       ;
; sw[3]      ; seg1[3]     ; 7.424 ; 7.382 ; 7.896 ; 7.797 ;
; sw[3]      ; seg1[4]     ; 7.432 ;       ;       ; 7.801 ;
; sw[3]      ; seg1[5]     ; 7.887 ;       ;       ; 8.256 ;
; sw[3]      ; seg1[6]     ; 7.638 ;       ;       ; 8.037 ;
; sw[4]      ; led[4]      ; 5.741 ;       ;       ; 6.144 ;
; sw[4]      ; seg1[0]     ;       ; 6.510 ; 7.031 ;       ;
; sw[4]      ; seg1[1]     ; 6.508 ; 6.581 ; 6.946 ; 7.028 ;
; sw[4]      ; seg1[2]     ; 6.579 ;       ;       ; 6.937 ;
; sw[4]      ; seg1[3]     ; 6.599 ; 6.522 ; 7.048 ; 6.962 ;
; sw[4]      ; seg1[4]     ;       ; 6.529 ; 7.055 ;       ;
; sw[4]      ; seg1[5]     ; 7.063 ;       ;       ; 7.420 ;
; sw[4]      ; seg1[6]     ; 6.875 ; 6.801 ; 7.323 ; 7.240 ;
; sw[5]      ; led[5]      ; 5.749 ;       ;       ; 6.142 ;
; sw[5]      ; seg1[0]     ; 7.022 ; 6.982 ; 7.537 ; 7.453 ;
; sw[5]      ; seg1[1]     ; 6.974 ;       ;       ; 7.527 ;
; sw[5]      ; seg1[2]     ;       ; 6.895 ; 7.453 ;       ;
; sw[5]      ; seg1[3]     ; 7.046 ; 7.001 ; 7.556 ; 7.467 ;
; sw[5]      ; seg1[4]     ; 7.044 ;       ;       ; 7.464 ;
; sw[5]      ; seg1[5]     ;       ; 7.456 ; 8.020 ;       ;
; sw[5]      ; seg1[6]     ; 7.257 ; 7.281 ; 7.836 ; 7.709 ;
+------------+-------------+-------+-------+-------+-------+


+----------------------------------------------------------+
; Minimum Progagation Delay                                ;
+------------+-------------+-------+-------+-------+-------+
; Input Port ; Output Port ; RR    ; RF    ; FR    ; FF    ;
+------------+-------------+-------+-------+-------+-------+
; sw[0]      ; led[0]      ; 3.391 ;       ;       ; 3.923 ;
; sw[0]      ; seg0[0]     ; 4.037 ; 4.069 ; 4.660 ; 4.685 ;
; sw[0]      ; seg0[1]     ; 4.184 ; 4.138 ; 4.800 ; 4.761 ;
; sw[0]      ; seg0[2]     ;       ; 3.903 ; 4.513 ;       ;
; sw[0]      ; seg0[3]     ; 3.989 ; 4.005 ; 4.613 ; 4.622 ;
; sw[0]      ; seg0[4]     ; 3.885 ;       ;       ; 4.511 ;
; sw[0]      ; seg0[5]     ; 3.982 ;       ;       ; 4.615 ;
; sw[0]      ; seg0[6]     ; 3.871 ;       ;       ; 4.497 ;
; sw[1]      ; led[1]      ; 3.588 ;       ;       ; 4.139 ;
; sw[1]      ; seg0[0]     ;       ; 4.100 ; 4.687 ;       ;
; sw[1]      ; seg0[1]     ; 4.215 ; 4.174 ; 4.849 ; 4.789 ;
; sw[1]      ; seg0[2]     ; 3.929 ;       ;       ; 4.572 ;
; sw[1]      ; seg0[3]     ; 4.029 ; 4.040 ; 4.643 ; 4.674 ;
; sw[1]      ; seg0[4]     ;       ; 3.930 ; 4.542 ;       ;
; sw[1]      ; seg0[5]     ; 4.022 ;       ;       ; 4.669 ;
; sw[1]      ; seg0[6]     ; 3.911 ; 3.915 ; 4.526 ; 4.550 ;
; sw[2]      ; led[2]      ; 4.212 ;       ;       ; 4.888 ;
; sw[2]      ; seg0[0]     ; 4.180 ; 4.191 ; 4.797 ; 4.853 ;
; sw[2]      ; seg0[1]     ; 4.306 ;       ;       ; 4.898 ;
; sw[2]      ; seg0[2]     ;       ; 4.042 ; 4.671 ;       ;
; sw[2]      ; seg0[3]     ; 4.104 ; 4.127 ; 4.746 ; 4.751 ;
; sw[2]      ; seg0[4]     ; 4.027 ;       ;       ; 4.681 ;
; sw[2]      ; seg0[5]     ;       ; 4.121 ; 4.740 ;       ;
; sw[2]      ; seg0[6]     ; 3.987 ; 4.003 ; 4.629 ; 4.627 ;
; sw[3]      ; led[3]      ; 3.429 ;       ;       ; 3.983 ;
; sw[3]      ; seg1[0]     ; 4.200 ; 4.228 ; 4.880 ; 4.861 ;
; sw[3]      ; seg1[1]     ; 4.227 ; 4.171 ; 4.858 ; 4.879 ;
; sw[3]      ; seg1[2]     ;       ; 4.182 ; 4.831 ;       ;
; sw[3]      ; seg1[3]     ; 4.179 ; 4.234 ; 4.886 ; 4.864 ;
; sw[3]      ; seg1[4]     ; 4.183 ;       ;       ; 4.850 ;
; sw[3]      ; seg1[5]     ; 4.412 ;       ;       ; 5.123 ;
; sw[3]      ; seg1[6]     ; 4.324 ;       ;       ; 5.026 ;
; sw[4]      ; led[4]      ; 3.420 ;       ;       ; 3.949 ;
; sw[4]      ; seg1[0]     ;       ; 3.773 ; 4.376 ;       ;
; sw[4]      ; seg1[1]     ; 3.772 ; 3.759 ; 4.380 ; 4.374 ;
; sw[4]      ; seg1[2]     ; 3.753 ;       ;       ; 4.370 ;
; sw[4]      ; seg1[3]     ; 3.768 ; 3.780 ; 4.381 ; 4.386 ;
; sw[4]      ; seg1[4]     ;       ; 3.783 ; 4.386 ;       ;
; sw[4]      ; seg1[5]     ; 4.001 ;       ;       ; 4.645 ;
; sw[4]      ; seg1[6]     ; 3.913 ; 3.942 ; 4.526 ; 4.548 ;
; sw[5]      ; led[5]      ; 3.417 ;       ;       ; 3.954 ;
; sw[5]      ; seg1[0]     ; 4.008 ; 4.034 ; 4.648 ; 4.637 ;
; sw[5]      ; seg1[1]     ; 3.991 ;       ;       ; 4.607 ;
; sw[5]      ; seg1[2]     ;       ; 3.981 ; 4.598 ;       ;
; sw[5]      ; seg1[3]     ; 3.990 ; 4.045 ; 4.657 ; 4.640 ;
; sw[5]      ; seg1[4]     ; 4.015 ;       ;       ; 4.642 ;
; sw[5]      ; seg1[5]     ;       ; 4.268 ; 4.860 ;       ;
; sw[5]      ; seg1[6]     ; 4.138 ; 4.193 ; 4.796 ; 4.807 ;
+------------+-------------+-------+-------+-------+-------+


+------------------------------------------------------------------------------------------------------------------------------------------------------------------------------------------------------------------------------------------------------------------------------------------------------------------------------------------------------------------+
; Board Trace Model Assignments                                                                                                                                                                                                                                                                                                                                    ;
+---------------+--------------+-------------------+-------------------------+-------------------------+---------------+---------------------+----------------+------------------+--------+------------------+------------------------+------------------------+--------------+---------------+-----------------+-------+---------------------+--------------------+
; Pin           ; I/O Standard ; Near Tline Length ; Near Tline L per Length ; Near Tline C per Length ; Near Series R ; Near Differential R ; Near Pull-up R ; Near Pull-down R ; Near C ; Far Tline Length ; Far Tline L per Length ; Far Tline C per Length ; Far Series R ; Far Pull-up R ; Far Pull-down R ; Far C ; Termination Voltage ; Far Differential R ;
+---------------+--------------+-------------------+-------------------------+-------------------------+---------------+---------------------+----------------+------------------+--------+------------------+------------------------+------------------------+--------------+---------------+-----------------+-------+---------------------+--------------------+
; led[0]        ; 2.5 V        ; 0 in              ; 0 H/in                  ; 0 F/in                  ; short         ; -                   ; open           ; open             ; open   ; 0 in             ; 0 H/in                 ; 0 F/in                 ; short        ; open          ; open            ; open  ; 0 V                 ; -                  ;
; led[1]        ; 2.5 V        ; 0 in              ; 0 H/in                  ; 0 F/in                  ; short         ; -                   ; open           ; open             ; open   ; 0 in             ; 0 H/in                 ; 0 F/in                 ; short        ; open          ; open            ; open  ; 0 V                 ; -                  ;
; led[2]        ; 2.5 V        ; 0 in              ; 0 H/in                  ; 0 F/in                  ; short         ; -                   ; open           ; open             ; open   ; 0 in             ; 0 H/in                 ; 0 F/in                 ; short        ; open          ; open            ; open  ; 0 V                 ; -                  ;
; led[3]        ; 2.5 V        ; 0 in              ; 0 H/in                  ; 0 F/in                  ; short         ; -                   ; open           ; open             ; open   ; 0 in             ; 0 H/in                 ; 0 F/in                 ; short        ; open          ; open            ; open  ; 0 V                 ; -                  ;
; led[4]        ; 2.5 V        ; 0 in              ; 0 H/in                  ; 0 F/in                  ; short         ; -                   ; open           ; open             ; open   ; 0 in             ; 0 H/in                 ; 0 F/in                 ; short        ; open          ; open            ; open  ; 0 V                 ; -                  ;
; led[5]        ; 2.5 V        ; 0 in              ; 0 H/in                  ; 0 F/in                  ; short         ; -                   ; open           ; open             ; open   ; 0 in             ; 0 H/in                 ; 0 F/in                 ; short        ; open          ; open            ; open  ; 0 V                 ; -                  ;
; seg0[7]       ; 2.5 V        ; 0 in              ; 0 H/in                  ; 0 F/in                  ; short         ; -                   ; open           ; open             ; open   ; 0 in             ; 0 H/in                 ; 0 F/in                 ; short        ; open          ; open            ; open  ; 0 V                 ; -                  ;
; seg0[6]       ; 2.5 V        ; 0 in              ; 0 H/in                  ; 0 F/in                  ; short         ; -                   ; open           ; open             ; open   ; 0 in             ; 0 H/in                 ; 0 F/in                 ; short        ; open          ; open            ; open  ; 0 V                 ; -                  ;
; seg0[5]       ; 2.5 V        ; 0 in              ; 0 H/in                  ; 0 F/in                  ; short         ; -                   ; open           ; open             ; open   ; 0 in             ; 0 H/in                 ; 0 F/in                 ; short        ; open          ; open            ; open  ; 0 V                 ; -                  ;
; seg0[4]       ; 2.5 V        ; 0 in              ; 0 H/in                  ; 0 F/in                  ; short         ; -                   ; open           ; open             ; open   ; 0 in             ; 0 H/in                 ; 0 F/in                 ; short        ; open          ; open            ; open  ; 0 V                 ; -                  ;
; seg0[3]       ; 2.5 V        ; 0 in              ; 0 H/in                  ; 0 F/in                  ; short         ; -                   ; open           ; open             ; open   ; 0 in             ; 0 H/in                 ; 0 F/in                 ; short        ; open          ; open            ; open  ; 0 V                 ; -                  ;
; seg0[2]       ; 2.5 V        ; 0 in              ; 0 H/in                  ; 0 F/in                  ; short         ; -                   ; open           ; open             ; open   ; 0 in             ; 0 H/in                 ; 0 F/in                 ; short        ; open          ; open            ; open  ; 0 V                 ; -                  ;
; seg0[1]       ; 2.5 V        ; 0 in              ; 0 H/in                  ; 0 F/in                  ; short         ; -                   ; open           ; open             ; open   ; 0 in             ; 0 H/in                 ; 0 F/in                 ; short        ; open          ; open            ; open  ; 0 V                 ; -                  ;
; seg0[0]       ; 2.5 V        ; 0 in              ; 0 H/in                  ; 0 F/in                  ; short         ; -                   ; open           ; open             ; open   ; 0 in             ; 0 H/in                 ; 0 F/in                 ; short        ; open          ; open            ; open  ; 0 V                 ; -                  ;
; seg1[7]       ; 2.5 V        ; 0 in              ; 0 H/in                  ; 0 F/in                  ; short         ; -                   ; open           ; open             ; open   ; 0 in             ; 0 H/in                 ; 0 F/in                 ; short        ; open          ; open            ; open  ; 0 V                 ; -                  ;
; seg1[6]       ; 2.5 V        ; 0 in              ; 0 H/in                  ; 0 F/in                  ; short         ; -                   ; open           ; open             ; open   ; 0 in             ; 0 H/in                 ; 0 F/in                 ; short        ; open          ; open            ; open  ; 0 V                 ; -                  ;
; seg1[5]       ; 2.5 V        ; 0 in              ; 0 H/in                  ; 0 F/in                  ; short         ; -                   ; open           ; open             ; open   ; 0 in             ; 0 H/in                 ; 0 F/in                 ; short        ; open          ; open            ; open  ; 0 V                 ; -                  ;
; seg1[4]       ; 2.5 V        ; 0 in              ; 0 H/in                  ; 0 F/in                  ; short         ; -                   ; open           ; open             ; open   ; 0 in             ; 0 H/in                 ; 0 F/in                 ; short        ; open          ; open            ; open  ; 0 V                 ; -                  ;
; seg1[3]       ; 2.5 V        ; 0 in              ; 0 H/in                  ; 0 F/in                  ; short         ; -                   ; open           ; open             ; open   ; 0 in             ; 0 H/in                 ; 0 F/in                 ; short        ; open          ; open            ; open  ; 0 V                 ; -                  ;
; seg1[2]       ; 2.5 V        ; 0 in              ; 0 H/in                  ; 0 F/in                  ; short         ; -                   ; open           ; open             ; open   ; 0 in             ; 0 H/in                 ; 0 F/in                 ; short        ; open          ; open            ; open  ; 0 V                 ; -                  ;
; seg1[1]       ; 2.5 V        ; 0 in              ; 0 H/in                  ; 0 F/in                  ; short         ; -                   ; open           ; open             ; open   ; 0 in             ; 0 H/in                 ; 0 F/in                 ; short        ; open          ; open            ; open  ; 0 V                 ; -                  ;
; seg1[0]       ; 2.5 V        ; 0 in              ; 0 H/in                  ; 0 F/in                  ; short         ; -                   ; open           ; open             ; open   ; 0 in             ; 0 H/in                 ; 0 F/in                 ; short        ; open          ; open            ; open  ; 0 V                 ; -                  ;
; ~ALTERA_DCLK~ ; 2.5 V        ; 0 in              ; 0 H/in                  ; 0 F/in                  ; short         ; -                   ; open           ; open             ; open   ; 0 in             ; 0 H/in                 ; 0 F/in                 ; short        ; open          ; open            ; open  ; 0 V                 ; -                  ;
; ~ALTERA_nCEO~ ; 2.5 V        ; 0 in              ; 0 H/in                  ; 0 F/in                  ; short         ; -                   ; open           ; open             ; open   ; 0 in             ; 0 H/in                 ; 0 F/in                 ; short        ; open          ; open            ; open  ; 0 V                 ; -                  ;
+---------------+--------------+-------------------+-------------------------+-------------------------+---------------+---------------------+----------------+------------------+--------+------------------+------------------------+------------------------+--------------+---------------+-----------------+-------+---------------------+--------------------+


+----------------------------------------------------------------------------+
; Input Transition Times                                                     ;
+-------------------------+--------------+-----------------+-----------------+
; Pin                     ; I/O Standard ; 10-90 Rise Time ; 90-10 Fall Time ;
+-------------------------+--------------+-----------------+-----------------+
; sw[0]                   ; 2.5 V        ; 2000 ps         ; 2000 ps         ;
; sw[1]                   ; 2.5 V        ; 2000 ps         ; 2000 ps         ;
; sw[2]                   ; 2.5 V        ; 2000 ps         ; 2000 ps         ;
; sw[3]                   ; 2.5 V        ; 2000 ps         ; 2000 ps         ;
; sw[4]                   ; 2.5 V        ; 2000 ps         ; 2000 ps         ;
; sw[5]                   ; 2.5 V        ; 2000 ps         ; 2000 ps         ;
; ~ALTERA_ASDO_DATA1~     ; 2.5 V        ; 2000 ps         ; 2000 ps         ;
; ~ALTERA_FLASH_nCE_nCSO~ ; 2.5 V        ; 2000 ps         ; 2000 ps         ;
; ~ALTERA_DATA0~          ; 2.5 V        ; 2000 ps         ; 2000 ps         ;
+-------------------------+--------------+-----------------+-----------------+


+--------------------------------------------------------------------------------------------------------------------------------------------------------------------------------------------------------------------------------------------------------------------------------------------------------------------------------------------------------------------------------------------------------------------------------------------------------------------------------------------------------------------------------------------------------------------------------------------------------------------------------------------------------------------------------------------+
; Slow Corner Signal Integrity Metrics                                                                                                                                                                                                                                                                                                                                                                                                                                                                                                                                                                                                                                                       ;
+---------------+--------------+---------------------+---------------------+------------------------------+------------------------------+---------------------+---------------------+--------------------------------------+--------------------------------------+-----------------------------+-----------------------------+----------------------------+----------------------------+-----------------------------+-----------------------------+--------------------+--------------------+-------------------------------------+-------------------------------------+----------------------------+----------------------------+---------------------------+---------------------------+
; Pin           ; I/O Standard ; Board Delay on Rise ; Board Delay on Fall ; Steady State Voh at FPGA Pin ; Steady State Vol at FPGA Pin ; Voh Max at FPGA Pin ; Vol Min at FPGA Pin ; Ringback Voltage on Rise at FPGA Pin ; Ringback Voltage on Fall at FPGA Pin ; 10-90 Rise Time at FPGA Pin ; 90-10 Fall Time at FPGA Pin ; Monotonic Rise at FPGA Pin ; Monotonic Fall at FPGA Pin ; Steady State Voh at Far-end ; Steady State Vol at Far-end ; Voh Max at Far-end ; Vol Min at Far-end ; Ringback Voltage on Rise at Far-end ; Ringback Voltage on Fall at Far-end ; 10-90 Rise Time at Far-end ; 90-10 Fall Time at Far-end ; Monotonic Rise at Far-end ; Monotonic Fall at Far-end ;
+---------------+--------------+---------------------+---------------------+------------------------------+------------------------------+---------------------+---------------------+--------------------------------------+--------------------------------------+-----------------------------+-----------------------------+----------------------------+----------------------------+-----------------------------+-----------------------------+--------------------+--------------------+-------------------------------------+-------------------------------------+----------------------------+----------------------------+---------------------------+---------------------------+
; led[0]        ; 2.5 V        ; 0 s                 ; 0 s                 ; 2.32 V                       ; 7.26e-007 V                  ; 2.35 V              ; -0.0109 V           ; 0.113 V                              ; 0.035 V                              ; 7.76e-010 s                 ; 8.05e-010 s                 ; Yes                        ; Yes                        ; 2.32 V                      ; 7.26e-007 V                 ; 2.35 V             ; -0.0109 V          ; 0.113 V                             ; 0.035 V                             ; 7.76e-010 s                ; 8.05e-010 s                ; Yes                       ; Yes                       ;
; led[1]        ; 2.5 V        ; 0 s                 ; 0 s                 ; 2.32 V                       ; 7.26e-007 V                  ; 2.35 V              ; -0.0109 V           ; 0.113 V                              ; 0.035 V                              ; 7.76e-010 s                 ; 8.05e-010 s                 ; Yes                        ; Yes                        ; 2.32 V                      ; 7.26e-007 V                 ; 2.35 V             ; -0.0109 V          ; 0.113 V                             ; 0.035 V                             ; 7.76e-010 s                ; 8.05e-010 s                ; Yes                       ; Yes                       ;
; led[2]        ; 2.5 V        ; 0 s                 ; 0 s                 ; 2.32 V                       ; 7.26e-007 V                  ; 2.33 V              ; -0.00317 V          ; 0.162 V                              ; 0.063 V                              ; 3.54e-009 s                 ; 3.41e-009 s                 ; Yes                        ; Yes                        ; 2.32 V                      ; 7.26e-007 V                 ; 2.33 V             ; -0.00317 V         ; 0.162 V                             ; 0.063 V                             ; 3.54e-009 s                ; 3.41e-009 s                ; Yes                       ; Yes                       ;
; led[3]        ; 2.5 V        ; 0 s                 ; 0 s                 ; 2.32 V                       ; 7.26e-007 V                  ; 2.35 V              ; -0.0109 V           ; 0.113 V                              ; 0.035 V                              ; 7.76e-010 s                 ; 8.05e-010 s                 ; Yes                        ; Yes                        ; 2.32 V                      ; 7.26e-007 V                 ; 2.35 V             ; -0.0109 V          ; 0.113 V                             ; 0.035 V                             ; 7.76e-010 s                ; 8.05e-010 s                ; Yes                       ; Yes                       ;
; led[4]        ; 2.5 V        ; 0 s                 ; 0 s                 ; 2.32 V                       ; 7.26e-007 V                  ; 2.35 V              ; -0.0109 V           ; 0.113 V                              ; 0.035 V                              ; 7.76e-010 s                 ; 8.05e-010 s                 ; Yes                        ; Yes                        ; 2.32 V                      ; 7.26e-007 V                 ; 2.35 V             ; -0.0109 V          ; 0.113 V                             ; 0.035 V                             ; 7.76e-010 s                ; 8.05e-010 s                ; Yes                       ; Yes                       ;
; led[5]        ; 2.5 V        ; 0 s                 ; 0 s                 ; 2.32 V                       ; 7.26e-007 V                  ; 2.35 V              ; -0.0109 V           ; 0.113 V                              ; 0.035 V                              ; 7.76e-010 s                 ; 8.05e-010 s                 ; Yes                        ; Yes                        ; 2.32 V                      ; 7.26e-007 V                 ; 2.35 V             ; -0.0109 V          ; 0.113 V                             ; 0.035 V                             ; 7.76e-010 s                ; 8.05e-010 s                ; Yes                       ; Yes                       ;
; seg0[7]       ; 2.5 V        ; 0 s                 ; 0 s                 ; 2.32 V                       ; 1.08e-006 V                  ; 2.36 V              ; -0.0106 V           ; 0.122 V                              ; 0.021 V                              ; 4.5e-010 s                  ; 4.45e-010 s                 ; Yes                        ; Yes                        ; 2.32 V                      ; 1.08e-006 V                 ; 2.36 V             ; -0.0106 V          ; 0.122 V                             ; 0.021 V                             ; 4.5e-010 s                 ; 4.45e-010 s                ; Yes                       ; Yes                       ;
; seg0[6]       ; 2.5 V        ; 0 s                 ; 0 s                 ; 2.32 V                       ; 1.08e-006 V                  ; 2.36 V              ; -0.0106 V           ; 0.122 V                              ; 0.021 V                              ; 4.5e-010 s                  ; 4.45e-010 s                 ; Yes                        ; Yes                        ; 2.32 V                      ; 1.08e-006 V                 ; 2.36 V             ; -0.0106 V          ; 0.122 V                             ; 0.021 V                             ; 4.5e-010 s                 ; 4.45e-010 s                ; Yes                       ; Yes                       ;
; seg0[5]       ; 2.5 V        ; 0 s                 ; 0 s                 ; 2.32 V                       ; 1.08e-006 V                  ; 2.36 V              ; -0.0106 V           ; 0.122 V                              ; 0.021 V                              ; 4.5e-010 s                  ; 4.45e-010 s                 ; Yes                        ; Yes                        ; 2.32 V                      ; 1.08e-006 V                 ; 2.36 V             ; -0.0106 V          ; 0.122 V                             ; 0.021 V                             ; 4.5e-010 s                 ; 4.45e-010 s                ; Yes                       ; Yes                       ;
; seg0[4]       ; 2.5 V        ; 0 s                 ; 0 s                 ; 2.32 V                       ; 1.08e-006 V                  ; 2.36 V              ; -0.0106 V           ; 0.122 V                              ; 0.021 V                              ; 4.5e-010 s                  ; 4.45e-010 s                 ; Yes                        ; Yes                        ; 2.32 V                      ; 1.08e-006 V                 ; 2.36 V             ; -0.0106 V          ; 0.122 V                             ; 0.021 V                             ; 4.5e-010 s                 ; 4.45e-010 s                ; Yes                       ; Yes                       ;
; seg0[3]       ; 2.5 V        ; 0 s                 ; 0 s                 ; 2.32 V                       ; 1.08e-006 V                  ; 2.36 V              ; -0.0106 V           ; 0.122 V                              ; 0.021 V                              ; 4.5e-010 s                  ; 4.45e-010 s                 ; Yes                        ; Yes                        ; 2.32 V                      ; 1.08e-006 V                 ; 2.36 V             ; -0.0106 V          ; 0.122 V                             ; 0.021 V                             ; 4.5e-010 s                 ; 4.45e-010 s                ; Yes                       ; Yes                       ;
; seg0[2]       ; 2.5 V        ; 0 s                 ; 0 s                 ; 2.32 V                       ; 1.08e-006 V                  ; 2.36 V              ; -0.0106 V           ; 0.122 V                              ; 0.021 V                              ; 4.5e-010 s                  ; 4.45e-010 s                 ; Yes                        ; Yes                        ; 2.32 V                      ; 1.08e-006 V                 ; 2.36 V             ; -0.0106 V          ; 0.122 V                             ; 0.021 V                             ; 4.5e-010 s                 ; 4.45e-010 s                ; Yes                       ; Yes                       ;
; seg0[1]       ; 2.5 V        ; 0 s                 ; 0 s                 ; 2.32 V                       ; 1.08e-006 V                  ; 2.36 V              ; -0.0106 V           ; 0.122 V                              ; 0.021 V                              ; 4.5e-010 s                  ; 4.45e-010 s                 ; Yes                        ; Yes                        ; 2.32 V                      ; 1.08e-006 V                 ; 2.36 V             ; -0.0106 V          ; 0.122 V                             ; 0.021 V                             ; 4.5e-010 s                 ; 4.45e-010 s                ; Yes                       ; Yes                       ;
; seg0[0]       ; 2.5 V        ; 0 s                 ; 0 s                 ; 2.32 V                       ; 1.08e-006 V                  ; 2.36 V              ; -0.0106 V           ; 0.122 V                              ; 0.021 V                              ; 4.5e-010 s                  ; 4.45e-010 s                 ; Yes                        ; Yes                        ; 2.32 V                      ; 1.08e-006 V                 ; 2.36 V             ; -0.0106 V          ; 0.122 V                             ; 0.021 V                             ; 4.5e-010 s                 ; 4.45e-010 s                ; Yes                       ; Yes                       ;
; seg1[7]       ; 2.5 V        ; 0 s                 ; 0 s                 ; 2.32 V                       ; 1.08e-006 V                  ; 2.36 V              ; -0.0106 V           ; 0.122 V                              ; 0.021 V                              ; 4.5e-010 s                  ; 4.45e-010 s                 ; Yes                        ; Yes                        ; 2.32 V                      ; 1.08e-006 V                 ; 2.36 V             ; -0.0106 V          ; 0.122 V                             ; 0.021 V                             ; 4.5e-010 s                 ; 4.45e-010 s                ; Yes                       ; Yes                       ;
; seg1[6]       ; 2.5 V        ; 0 s                 ; 0 s                 ; 2.32 V                       ; 1.08e-006 V                  ; 2.36 V              ; -0.0106 V           ; 0.122 V                              ; 0.021 V                              ; 4.5e-010 s                  ; 4.45e-010 s                 ; Yes                        ; Yes                        ; 2.32 V                      ; 1.08e-006 V                 ; 2.36 V             ; -0.0106 V          ; 0.122 V                             ; 0.021 V                             ; 4.5e-010 s                 ; 4.45e-010 s                ; Yes                       ; Yes                       ;
; seg1[5]       ; 2.5 V        ; 0 s                 ; 0 s                 ; 2.32 V                       ; 1.08e-006 V                  ; 2.36 V              ; -0.0106 V           ; 0.122 V                              ; 0.021 V                              ; 4.5e-010 s                  ; 4.45e-010 s                 ; Yes                        ; Yes                        ; 2.32 V                      ; 1.08e-006 V                 ; 2.36 V             ; -0.0106 V          ; 0.122 V                             ; 0.021 V                             ; 4.5e-010 s                 ; 4.45e-010 s                ; Yes                       ; Yes                       ;
; seg1[4]       ; 2.5 V        ; 0 s                 ; 0 s                 ; 2.32 V                       ; 1.08e-006 V                  ; 2.36 V              ; -0.0106 V           ; 0.122 V                              ; 0.021 V                              ; 4.5e-010 s                  ; 4.45e-010 s                 ; Yes                        ; Yes                        ; 2.32 V                      ; 1.08e-006 V                 ; 2.36 V             ; -0.0106 V          ; 0.122 V                             ; 0.021 V                             ; 4.5e-010 s                 ; 4.45e-010 s                ; Yes                       ; Yes                       ;
; seg1[3]       ; 2.5 V        ; 0 s                 ; 0 s                 ; 2.32 V                       ; 1.08e-006 V                  ; 2.36 V              ; -0.0106 V           ; 0.122 V                              ; 0.021 V                              ; 4.5e-010 s                  ; 4.45e-010 s                 ; Yes                        ; Yes                        ; 2.32 V                      ; 1.08e-006 V                 ; 2.36 V             ; -0.0106 V          ; 0.122 V                             ; 0.021 V                             ; 4.5e-010 s                 ; 4.45e-010 s                ; Yes                       ; Yes                       ;
; seg1[2]       ; 2.5 V        ; 0 s                 ; 0 s                 ; 2.32 V                       ; 1.08e-006 V                  ; 2.36 V              ; -0.0106 V           ; 0.122 V                              ; 0.021 V                              ; 4.5e-010 s                  ; 4.45e-010 s                 ; Yes                        ; Yes                        ; 2.32 V                      ; 1.08e-006 V                 ; 2.36 V             ; -0.0106 V          ; 0.122 V                             ; 0.021 V                             ; 4.5e-010 s                 ; 4.45e-010 s                ; Yes                       ; Yes                       ;
; seg1[1]       ; 2.5 V        ; 0 s                 ; 0 s                 ; 2.32 V                       ; 1.08e-006 V                  ; 2.36 V              ; -0.0106 V           ; 0.122 V                              ; 0.021 V                              ; 4.5e-010 s                  ; 4.45e-010 s                 ; Yes                        ; Yes                        ; 2.32 V                      ; 1.08e-006 V                 ; 2.36 V             ; -0.0106 V          ; 0.122 V                             ; 0.021 V                             ; 4.5e-010 s                 ; 4.45e-010 s                ; Yes                       ; Yes                       ;
; seg1[0]       ; 2.5 V        ; 0 s                 ; 0 s                 ; 2.32 V                       ; 1.08e-006 V                  ; 2.36 V              ; -0.0106 V           ; 0.122 V                              ; 0.021 V                              ; 4.5e-010 s                  ; 4.45e-010 s                 ; Yes                        ; Yes                        ; 2.32 V                      ; 1.08e-006 V                 ; 2.36 V             ; -0.0106 V          ; 0.122 V                             ; 0.021 V                             ; 4.5e-010 s                 ; 4.45e-010 s                ; Yes                       ; Yes                       ;
; ~ALTERA_DCLK~ ; 2.5 V        ; 0 s                 ; 0 s                 ; 2.32 V                       ; 5.68e-007 V                  ; 2.35 V              ; -0.0132 V           ; 0.2 V                                ; 0.027 V                              ; 5.26e-010 s                 ; 4.81e-010 s                 ; Yes                        ; Yes                        ; 2.32 V                      ; 5.68e-007 V                 ; 2.35 V             ; -0.0132 V          ; 0.2 V                               ; 0.027 V                             ; 5.26e-010 s                ; 4.81e-010 s                ; Yes                       ; Yes                       ;
; ~ALTERA_nCEO~ ; 2.5 V        ; 0 s                 ; 0 s                 ; 2.32 V                       ; 9.36e-007 V                  ; 2.35 V              ; -0.00447 V          ; 0.18 V                               ; 0.019 V                              ; 7.23e-010 s                 ; 9.82e-010 s                 ; Yes                        ; Yes                        ; 2.32 V                      ; 9.36e-007 V                 ; 2.35 V             ; -0.00447 V         ; 0.18 V                              ; 0.019 V                             ; 7.23e-010 s                ; 9.82e-010 s                ; Yes                       ; Yes                       ;
+---------------+--------------+---------------------+---------------------+------------------------------+------------------------------+---------------------+---------------------+--------------------------------------+--------------------------------------+-----------------------------+-----------------------------+----------------------------+----------------------------+-----------------------------+-----------------------------+--------------------+--------------------+-------------------------------------+-------------------------------------+----------------------------+----------------------------+---------------------------+---------------------------+


+--------------------------------------------------------------------------------------------------------------------------------------------------------------------------------------------------------------------------------------------------------------------------------------------------------------------------------------------------------------------------------------------------------------------------------------------------------------------------------------------------------------------------------------------------------------------------------------------------------------------------------------------------------------------------------------------+
; Fast Corner Signal Integrity Metrics                                                                                                                                                                                                                                                                                                                                                                                                                                                                                                                                                                                                                                                       ;
+---------------+--------------+---------------------+---------------------+------------------------------+------------------------------+---------------------+---------------------+--------------------------------------+--------------------------------------+-----------------------------+-----------------------------+----------------------------+----------------------------+-----------------------------+-----------------------------+--------------------+--------------------+-------------------------------------+-------------------------------------+----------------------------+----------------------------+---------------------------+---------------------------+
; Pin           ; I/O Standard ; Board Delay on Rise ; Board Delay on Fall ; Steady State Voh at FPGA Pin ; Steady State Vol at FPGA Pin ; Voh Max at FPGA Pin ; Vol Min at FPGA Pin ; Ringback Voltage on Rise at FPGA Pin ; Ringback Voltage on Fall at FPGA Pin ; 10-90 Rise Time at FPGA Pin ; 90-10 Fall Time at FPGA Pin ; Monotonic Rise at FPGA Pin ; Monotonic Fall at FPGA Pin ; Steady State Voh at Far-end ; Steady State Vol at Far-end ; Voh Max at Far-end ; Vol Min at Far-end ; Ringback Voltage on Rise at Far-end ; Ringback Voltage on Fall at Far-end ; 10-90 Rise Time at Far-end ; 90-10 Fall Time at Far-end ; Monotonic Rise at Far-end ; Monotonic Fall at Far-end ;
+---------------+--------------+---------------------+---------------------+------------------------------+------------------------------+---------------------+---------------------+--------------------------------------+--------------------------------------+-----------------------------+-----------------------------+----------------------------+----------------------------+-----------------------------+-----------------------------+--------------------+--------------------+-------------------------------------+-------------------------------------+----------------------------+----------------------------+---------------------------+---------------------------+
; led[0]        ; 2.5 V        ; 0 s                 ; 0 s                 ; 2.62 V                       ; 2.78e-008 V                  ; 2.71 V              ; -0.0352 V           ; 0.253 V                              ; 0.07 V                               ; 4.96e-010 s                 ; 5.19e-010 s                 ; No                         ; Yes                        ; 2.62 V                      ; 2.78e-008 V                 ; 2.71 V             ; -0.0352 V          ; 0.253 V                             ; 0.07 V                              ; 4.96e-010 s                ; 5.19e-010 s                ; No                        ; Yes                       ;
; led[1]        ; 2.5 V        ; 0 s                 ; 0 s                 ; 2.62 V                       ; 2.78e-008 V                  ; 2.71 V              ; -0.0352 V           ; 0.253 V                              ; 0.07 V                               ; 4.96e-010 s                 ; 5.19e-010 s                 ; No                         ; Yes                        ; 2.62 V                      ; 2.78e-008 V                 ; 2.71 V             ; -0.0352 V          ; 0.253 V                             ; 0.07 V                              ; 4.96e-010 s                ; 5.19e-010 s                ; No                        ; Yes                       ;
; led[2]        ; 2.5 V        ; 0 s                 ; 0 s                 ; 2.62 V                       ; 2.78e-008 V                  ; 2.64 V              ; -0.0109 V           ; 0.244 V                              ; 0.16 V                               ; 2.42e-009 s                 ; 2.37e-009 s                 ; No                         ; Yes                        ; 2.62 V                      ; 2.78e-008 V                 ; 2.64 V             ; -0.0109 V          ; 0.244 V                             ; 0.16 V                              ; 2.42e-009 s                ; 2.37e-009 s                ; No                        ; Yes                       ;
; led[3]        ; 2.5 V        ; 0 s                 ; 0 s                 ; 2.62 V                       ; 2.78e-008 V                  ; 2.71 V              ; -0.0352 V           ; 0.253 V                              ; 0.07 V                               ; 4.96e-010 s                 ; 5.19e-010 s                 ; No                         ; Yes                        ; 2.62 V                      ; 2.78e-008 V                 ; 2.71 V             ; -0.0352 V          ; 0.253 V                             ; 0.07 V                              ; 4.96e-010 s                ; 5.19e-010 s                ; No                        ; Yes                       ;
; led[4]        ; 2.5 V        ; 0 s                 ; 0 s                 ; 2.62 V                       ; 2.78e-008 V                  ; 2.71 V              ; -0.0352 V           ; 0.253 V                              ; 0.07 V                               ; 4.96e-010 s                 ; 5.19e-010 s                 ; No                         ; Yes                        ; 2.62 V                      ; 2.78e-008 V                 ; 2.71 V             ; -0.0352 V          ; 0.253 V                             ; 0.07 V                              ; 4.96e-010 s                ; 5.19e-010 s                ; No                        ; Yes                       ;
; led[5]        ; 2.5 V        ; 0 s                 ; 0 s                 ; 2.62 V                       ; 2.78e-008 V                  ; 2.71 V              ; -0.0352 V           ; 0.253 V                              ; 0.07 V                               ; 4.96e-010 s                 ; 5.19e-010 s                 ; No                         ; Yes                        ; 2.62 V                      ; 2.78e-008 V                 ; 2.71 V             ; -0.0352 V          ; 0.253 V                             ; 0.07 V                              ; 4.96e-010 s                ; 5.19e-010 s                ; No                        ; Yes                       ;
; seg0[7]       ; 2.5 V        ; 0 s                 ; 0 s                 ; 2.62 V                       ; 4.11e-008 V                  ; 2.73 V              ; -0.0569 V           ; 0.191 V                              ; 0.121 V                              ; 2.69e-010 s                 ; 2.76e-010 s                 ; Yes                        ; Yes                        ; 2.62 V                      ; 4.11e-008 V                 ; 2.73 V             ; -0.0569 V          ; 0.191 V                             ; 0.121 V                             ; 2.69e-010 s                ; 2.76e-010 s                ; Yes                       ; Yes                       ;
; seg0[6]       ; 2.5 V        ; 0 s                 ; 0 s                 ; 2.62 V                       ; 4.11e-008 V                  ; 2.73 V              ; -0.0569 V           ; 0.191 V                              ; 0.121 V                              ; 2.69e-010 s                 ; 2.76e-010 s                 ; Yes                        ; Yes                        ; 2.62 V                      ; 4.11e-008 V                 ; 2.73 V             ; -0.0569 V          ; 0.191 V                             ; 0.121 V                             ; 2.69e-010 s                ; 2.76e-010 s                ; Yes                       ; Yes                       ;
; seg0[5]       ; 2.5 V        ; 0 s                 ; 0 s                 ; 2.62 V                       ; 4.11e-008 V                  ; 2.73 V              ; -0.0569 V           ; 0.191 V                              ; 0.121 V                              ; 2.69e-010 s                 ; 2.76e-010 s                 ; Yes                        ; Yes                        ; 2.62 V                      ; 4.11e-008 V                 ; 2.73 V             ; -0.0569 V          ; 0.191 V                             ; 0.121 V                             ; 2.69e-010 s                ; 2.76e-010 s                ; Yes                       ; Yes                       ;
; seg0[4]       ; 2.5 V        ; 0 s                 ; 0 s                 ; 2.62 V                       ; 4.11e-008 V                  ; 2.73 V              ; -0.0569 V           ; 0.191 V                              ; 0.121 V                              ; 2.69e-010 s                 ; 2.76e-010 s                 ; Yes                        ; Yes                        ; 2.62 V                      ; 4.11e-008 V                 ; 2.73 V             ; -0.0569 V          ; 0.191 V                             ; 0.121 V                             ; 2.69e-010 s                ; 2.76e-010 s                ; Yes                       ; Yes                       ;
; seg0[3]       ; 2.5 V        ; 0 s                 ; 0 s                 ; 2.62 V                       ; 4.11e-008 V                  ; 2.73 V              ; -0.0569 V           ; 0.191 V                              ; 0.121 V                              ; 2.69e-010 s                 ; 2.76e-010 s                 ; Yes                        ; Yes                        ; 2.62 V                      ; 4.11e-008 V                 ; 2.73 V             ; -0.0569 V          ; 0.191 V                             ; 0.121 V                             ; 2.69e-010 s                ; 2.76e-010 s                ; Yes                       ; Yes                       ;
; seg0[2]       ; 2.5 V        ; 0 s                 ; 0 s                 ; 2.62 V                       ; 4.11e-008 V                  ; 2.73 V              ; -0.0569 V           ; 0.191 V                              ; 0.121 V                              ; 2.69e-010 s                 ; 2.76e-010 s                 ; Yes                        ; Yes                        ; 2.62 V                      ; 4.11e-008 V                 ; 2.73 V             ; -0.0569 V          ; 0.191 V                             ; 0.121 V                             ; 2.69e-010 s                ; 2.76e-010 s                ; Yes                       ; Yes                       ;
; seg0[1]       ; 2.5 V        ; 0 s                 ; 0 s                 ; 2.62 V                       ; 4.11e-008 V                  ; 2.73 V              ; -0.0569 V           ; 0.191 V                              ; 0.121 V                              ; 2.69e-010 s                 ; 2.76e-010 s                 ; Yes                        ; Yes                        ; 2.62 V                      ; 4.11e-008 V                 ; 2.73 V             ; -0.0569 V          ; 0.191 V                             ; 0.121 V                             ; 2.69e-010 s                ; 2.76e-010 s                ; Yes                       ; Yes                       ;
; seg0[0]       ; 2.5 V        ; 0 s                 ; 0 s                 ; 2.62 V                       ; 4.11e-008 V                  ; 2.73 V              ; -0.0569 V           ; 0.191 V                              ; 0.121 V                              ; 2.69e-010 s                 ; 2.76e-010 s                 ; Yes                        ; Yes                        ; 2.62 V                      ; 4.11e-008 V                 ; 2.73 V             ; -0.0569 V          ; 0.191 V                             ; 0.121 V                             ; 2.69e-010 s                ; 2.76e-010 s                ; Yes                       ; Yes                       ;
; seg1[7]       ; 2.5 V        ; 0 s                 ; 0 s                 ; 2.62 V                       ; 4.11e-008 V                  ; 2.73 V              ; -0.0569 V           ; 0.191 V                              ; 0.121 V                              ; 2.69e-010 s                 ; 2.76e-010 s                 ; Yes                        ; Yes                        ; 2.62 V                      ; 4.11e-008 V                 ; 2.73 V             ; -0.0569 V          ; 0.191 V                             ; 0.121 V                             ; 2.69e-010 s                ; 2.76e-010 s                ; Yes                       ; Yes                       ;
; seg1[6]       ; 2.5 V        ; 0 s                 ; 0 s                 ; 2.62 V                       ; 4.11e-008 V                  ; 2.73 V              ; -0.0569 V           ; 0.191 V                              ; 0.121 V                              ; 2.69e-010 s                 ; 2.76e-010 s                 ; Yes                        ; Yes                        ; 2.62 V                      ; 4.11e-008 V                 ; 2.73 V             ; -0.0569 V          ; 0.191 V                             ; 0.121 V                             ; 2.69e-010 s                ; 2.76e-010 s                ; Yes                       ; Yes                       ;
; seg1[5]       ; 2.5 V        ; 0 s                 ; 0 s                 ; 2.62 V                       ; 4.11e-008 V                  ; 2.73 V              ; -0.0569 V           ; 0.191 V                              ; 0.121 V                              ; 2.69e-010 s                 ; 2.76e-010 s                 ; Yes                        ; Yes                        ; 2.62 V                      ; 4.11e-008 V                 ; 2.73 V             ; -0.0569 V          ; 0.191 V                             ; 0.121 V                             ; 2.69e-010 s                ; 2.76e-010 s                ; Yes                       ; Yes                       ;
; seg1[4]       ; 2.5 V        ; 0 s                 ; 0 s                 ; 2.62 V                       ; 4.11e-008 V                  ; 2.73 V              ; -0.0569 V           ; 0.191 V                              ; 0.121 V                              ; 2.69e-010 s                 ; 2.76e-010 s                 ; Yes                        ; Yes                        ; 2.62 V                      ; 4.11e-008 V                 ; 2.73 V             ; -0.0569 V          ; 0.191 V                             ; 0.121 V                             ; 2.69e-010 s                ; 2.76e-010 s                ; Yes                       ; Yes                       ;
; seg1[3]       ; 2.5 V        ; 0 s                 ; 0 s                 ; 2.62 V                       ; 4.11e-008 V                  ; 2.73 V              ; -0.0569 V           ; 0.191 V                              ; 0.121 V                              ; 2.69e-010 s                 ; 2.76e-010 s                 ; Yes                        ; Yes                        ; 2.62 V                      ; 4.11e-008 V                 ; 2.73 V             ; -0.0569 V          ; 0.191 V                             ; 0.121 V                             ; 2.69e-010 s                ; 2.76e-010 s                ; Yes                       ; Yes                       ;
; seg1[2]       ; 2.5 V        ; 0 s                 ; 0 s                 ; 2.62 V                       ; 4.11e-008 V                  ; 2.73 V              ; -0.0569 V           ; 0.191 V                              ; 0.121 V                              ; 2.69e-010 s                 ; 2.76e-010 s                 ; Yes                        ; Yes                        ; 2.62 V                      ; 4.11e-008 V                 ; 2.73 V             ; -0.0569 V          ; 0.191 V                             ; 0.121 V                             ; 2.69e-010 s                ; 2.76e-010 s                ; Yes                       ; Yes                       ;
; seg1[1]       ; 2.5 V        ; 0 s                 ; 0 s                 ; 2.62 V                       ; 4.11e-008 V                  ; 2.73 V              ; -0.0569 V           ; 0.191 V                              ; 0.121 V                              ; 2.69e-010 s                 ; 2.76e-010 s                 ; Yes                        ; Yes                        ; 2.62 V                      ; 4.11e-008 V                 ; 2.73 V             ; -0.0569 V          ; 0.191 V                             ; 0.121 V                             ; 2.69e-010 s                ; 2.76e-010 s                ; Yes                       ; Yes                       ;
; seg1[0]       ; 2.5 V        ; 0 s                 ; 0 s                 ; 2.62 V                       ; 4.11e-008 V                  ; 2.73 V              ; -0.0569 V           ; 0.191 V                              ; 0.121 V                              ; 2.69e-010 s                 ; 2.76e-010 s                 ; Yes                        ; Yes                        ; 2.62 V                      ; 4.11e-008 V                 ; 2.73 V             ; -0.0569 V          ; 0.191 V                             ; 0.121 V                             ; 2.69e-010 s                ; 2.76e-010 s                ; Yes                       ; Yes                       ;
; ~ALTERA_DCLK~ ; 2.5 V        ; 0 s                 ; 0 s                 ; 2.62 V                       ; 2.19e-008 V                  ; 2.72 V              ; -0.0747 V           ; 0.28 V                               ; 0.169 V                              ; 3.1e-010 s                  ; 3.01e-010 s                 ; No                         ; Yes                        ; 2.62 V                      ; 2.19e-008 V                 ; 2.72 V             ; -0.0747 V          ; 0.28 V                              ; 0.169 V                             ; 3.1e-010 s                 ; 3.01e-010 s                ; No                        ; Yes                       ;
; ~ALTERA_nCEO~ ; 2.5 V        ; 0 s                 ; 0 s                 ; 2.62 V                       ; 3.53e-008 V                  ; 2.7 V               ; -0.0208 V           ; 0.204 V                              ; 0.049 V                              ; 4.85e-010 s                 ; 6.71e-010 s                 ; No                         ; Yes                        ; 2.62 V                      ; 3.53e-008 V                 ; 2.7 V              ; -0.0208 V          ; 0.204 V                             ; 0.049 V                             ; 4.85e-010 s                ; 6.71e-010 s                ; No                        ; Yes                       ;
+---------------+--------------+---------------------+---------------------+------------------------------+------------------------------+---------------------+---------------------+--------------------------------------+--------------------------------------+-----------------------------+-----------------------------+----------------------------+----------------------------+-----------------------------+-----------------------------+--------------------+--------------------+-------------------------------------+-------------------------------------+----------------------------+----------------------------+---------------------------+---------------------------+


-------------------
; Clock Transfers ;
-------------------
Nothing to report.


---------------
; Report TCCS ;
---------------
No dedicated SERDES Transmitter circuitry present in device or used in design


---------------
; Report RSKM ;
---------------
No dedicated SERDES Receiver circuitry present in device or used in design


+------------------------------------------------+
; Unconstrained Paths                            ;
+---------------------------------+-------+------+
; Property                        ; Setup ; Hold ;
+---------------------------------+-------+------+
; Illegal Clocks                  ; 0     ; 0    ;
; Unconstrained Clocks            ; 0     ; 0    ;
; Unconstrained Input Ports       ; 6     ; 6    ;
; Unconstrained Input Port Paths  ; 48    ; 48   ;
; Unconstrained Output Ports      ; 20    ; 20   ;
; Unconstrained Output Port Paths ; 48    ; 48   ;
+---------------------------------+-------+------+


+------------------------------------+
; TimeQuest Timing Analyzer Messages ;
+------------------------------------+
Info: *******************************************************************
Info: Running Quartus II TimeQuest Timing Analyzer
    Info: Version 9.1 Build 350 03/24/2010 Service Pack 2 SJ Web Edition
    Info: Processing started: Tue Jun 21 16:55:33 2022
Info: Command: quartus_sta t01 -c t01
Info: qsta_default_script.tcl version: #1
Info: Core supply voltage is 1.2V
Info: Low junction temperature is 0 degrees C
Info: High junction temperature is 85 degrees C
Critical Warning: Synopsys Design Constraints File file not found: 't01.sdc'. A Synopsys Design Constraints File is required by the TimeQuest Timing Analyzer to get proper timing constraints. Without it, the Compiler will not properly optimize the design.
Info: No user constrained base clocks found in the design. Calling "derive_clocks -period 1.0"
Info: The command derive_clocks did not find any clocks to derive.  No clocks were created or changed.
Warning: No clocks defined in design.
Info: No user constrained clock uncertainty found in the design. Calling "derive_clock_uncertainty"
Info: The derive_clock_uncertainty command did not apply clock uncertainty to any clock-to-clock transfers.
Info: No clocks to report
Info: Analyzing Slow 1200mV 85C Model
Info: No fmax paths to report
Info: No Setup paths to report
Info: No Hold paths to report
Info: No Recovery paths to report
Info: No Removal paths to report
Info: No Minimum Pulse Width paths to report
Info: Analyzing Slow 1200mV 0C Model
Info: Started post-fitting delay annotation
Info: Delay annotation completed successfully
Info: No user constrained base clocks found in the design. Calling "derive_clocks -period 1.0"
Info: The command derive_clocks did not find any clocks to derive.  No clocks were created or changed.
Warning: No clocks defined in design.
Info: The derive_clock_uncertainty command did not apply clock uncertainty to any clock-to-clock transfers.
Info: No fmax paths to report
Info: No Setup paths to report
Info: No Hold paths to report
Info: No Recovery paths to report
Info: No Removal paths to report
Info: No Minimum Pulse Width paths to report
Info: Analyzing Fast 1200mV 0C Model
Info: Started post-fitting delay annotation
Info: Delay annotation completed successfully
Info: No user constrained base clocks found in the design. Calling "derive_clocks -period 1.0"
Info: The command derive_clocks did not find any clocks to derive.  No clocks were created or changed.
Warning: No clocks defined in design.
Info: The derive_clock_uncertainty command did not apply clock uncertainty to any clock-to-clock transfers.
Info: No Setup paths to report
Info: No Hold paths to report
Info: No Recovery paths to report
Info: No Removal paths to report
Info: No Minimum Pulse Width paths to report
Info: Design is not fully constrained for setup requirements
Info: Design is not fully constrained for hold requirements
Info: Quartus II TimeQuest Timing Analyzer was successful. 0 errors, 4 warnings
    Info: Peak virtual memory: 278 megabytes
    Info: Processing ended: Tue Jun 21 16:55:35 2022
    Info: Elapsed time: 00:00:02
    Info: Total CPU time (on all processors): 00:00:01


